Enter optional values for the following properties to create a new project. You can change them later in main.celer
Project Name: Description: Authors (separate multiple with comma (,)): Project Url: successfully created main.celer
